2026-06-13T07:06:06.857 application=api [debug] Current API rate limit by key nil reqs/sec
2026-06-13T07:06:06.857 application=api [debug] Current API rate limit by IP nil reqs/sec
2026-06-13T07:17:53.981 application=api [debug] Current API rate limit by key nil reqs/sec
2026-06-13T07:17:53.981 application=api [debug] Current API rate limit by IP nil reqs/sec
2026-06-13T21:24:31.254 application=api [debug] Current API rate limit by key nil reqs/sec
2026-06-13T21:24:31.254 application=api [debug] Current API rate limit by IP nil reqs/sec
2026-06-13T22:32:29.849 application=api request_id=GLjEuJ81TK4yGgcAEBKB [info] Sent 400 in 119µs on GET /api/.git/config?
2026-06-13T23:40:50.296 application=api request_id=GLjIc1TXz5Hb7bAAFbME [info] Sent 400 in 248µs on GET /api/v1/.env?
2026-06-13T23:40:50.309 application=api request_id=GLjIc1Ws8TCifQYAHbRB [info] Sent 400 in 74µs on GET /api/v2/.env?
2026-06-13T23:40:50.469 application=api request_id=GLjIc185yqIhxH8AGutD [info] Sent 400 in 31µs on GET /api/.env.backup?
2026-06-13T23:40:50.475 application=api request_id=GLjIc1-OOm2jma8AGutj [info] Sent 400 in 83µs on GET /api/.env.dev?
2026-06-13T23:40:50.475 application=api request_id=GLjIc1-Zx0RocNMAGuuD [info] Sent 400 in 17µs on GET /api/.env.bak?
2026-06-13T23:40:50.549 application=api request_id=GLjIc2P6sk-dG28AGuvD [info] Sent 400 in 56µs on GET /api/.env.staging?
2026-06-13T23:40:50.551 application=api request_id=GLjIc2QRqXH9y-0AFbPk [info] Sent 400 in 51µs on GET /api/.env?
2026-06-13T23:40:50.608 application=api request_id=GLjIc2d8mob67YsAGuyD [info] Sent 400 in 68µs on GET /api/.env.local?
2026-06-13T23:40:50.742 application=api request_id=GLjIc29zO71V4m0AGu2D [info] Sent 400 in 112µs on GET /api/v3/.env?
2026-06-13T23:40:50.797 application=api request_id=GLjIc3K_iTQKtwYAFbRk [info] Sent 400 in 77µs on GET /api/.env.prod?
2026-06-13T23:40:51.167 application=api request_id=GLjIc4jHzvVGXxgAHbgh [info] Sent 400 in 117µs on GET /api/.env.production?
2026-06-13T23:40:51.175 application=api request_id=GLjIc4lF9brY2hUAHUSi [info] Sent 400 in 39µs on GET /api/backend/.env?
2026-06-13T23:40:51.520 application=api request_id=GLjIc53NaES3jYkAHUVC [info] Sent 400 in 106µs on GET /api/.env.old?
2026-06-13T23:40:51.521 application=api request_id=GLjIc53qELofWPsAHbkB [info] Sent 400 in 49µs on GET /api/sendgrid.env?
2026-06-14T11:10:45.011 application=api request_id=GLjuGUonPincWr0Aodqj [info] Sent 400 in 139µs on GET /api/.git/config?
2026-06-14T11:43:01.774 application=api request_id=GLjv3Do1i0XWqm0Ap9_D [info] Sent 400 in 264µs on GET /api/.env?
2026-06-14T11:43:01.775 application=api request_id=GLjv3DpN1H9FEw0AtpyB [info] Sent 400 in 89µs on GET /api/v1/.env?
2026-06-14T11:43:01.780 application=api request_id=GLjv3DqUOwlmzIsAp9_j [info] Sent 400 in 63µs on GET /api/.env.local?
2026-06-14T11:43:01.780 application=api request_id=GLjv3DqatTQ6Xl8Am5yk [info] Sent 400 in 26µs on GET /api/.env.production?
2026-06-14T11:43:01.796 application=api request_id=GLjv3DuURxbM6OMAtpyh [info] Sent 400 in 51µs on GET /api/.env.backup?
2026-06-14T11:43:01.809 application=api request_id=GLjv3DxZKzcisHEAp-BD [info] Sent 400 in 61µs on GET /api/.env.old?
2026-06-14T11:43:01.820 application=api request_id=GLjv3D0ApYTgBbYAp-Bj [info] Sent 400 in 51µs on GET /api/.env.dev?
2026-06-14T11:43:01.847 application=api request_id=GLjv3D6KCzFDWpgAtp0h [info] Sent 400 in 196µs on GET /api/.env.bak?
2026-06-14T11:43:01.868 application=api request_id=GLjv3D_Yw9U6H4IAtp1h [info] Sent 400 in 48µs on GET /api/.env.staging?
2026-06-14T11:43:01.909 application=api request_id=GLjv3EJLgR6WOtYAp-DD [info] Sent 400 in 40µs on GET /api/.env.prod?
2026-06-14T11:43:01.910 application=api request_id=GLjv3EJUa7Jcy3YAtp7h [info] Sent 400 in 31µs on GET /api/v3/.env?
2026-06-14T11:43:01.911 application=api request_id=GLjv3EJmD-UqQUwAtp8B [info] Sent 400 in 27µs on GET /api/v2/.env?
2026-06-14T11:43:03.311 application=api request_id=GLjv3JXbFyCCMWQAtqPh [info] Sent 400 in 165µs on GET /api/backend/.env?
2026-06-14T11:43:03.490 application=api request_id=GLjv3KB_9Md5JBMAtqTh [info] Sent 400 in 42µs on GET /api/sendgrid.env?
2026-06-14T11:54:00.055 application=api request_id=GLjwdX7PBdfDLPYAqfUD [info] Sent 400 in 122µs on GET /api/actuator/env?
2026-06-14T11:54:00.059 application=api request_id=GLjwdX8TwVuk0ukAuUoh [info] Sent 400 in 55µs on GET /api/actuator/heapdump?
2026-06-14T11:54:00.067 application=api request_id=GLjwdX-IkDR3UskAuUpB [info] Sent 400 in 53µs on GET /api/actuator/logfile?
2026-06-14T11:54:00.080 application=api request_id=GLjwdYBY5CfAz3QAuUph [info] Sent 400 in 59µs on GET /api/actuator/configprops?
2026-06-14T11:54:00.084 application=api request_id=GLjwdYCVimpdddsAuUqB [info] Sent 400 in 55µs on GET /api/heapdump?
2026-06-14T11:54:00.091 application=api request_id=GLjwdYEC1xaSH2UAuUqh [info] Sent 400 in 57µs on GET /api/env?
2026-06-14T11:54:00.107 application=api request_id=GLjwdYHsGAriuwEAuUrB [info] Sent 400 in 80µs on GET /api/configprops?
2026-06-14T11:54:00.377 application=api request_id=GLjwdZIJmoAjPDYArNki [info] Sent 400 in 61µs on GET /api/aws.json?
2026-06-14T11:54:00.385 application=api request_id=GLjwdZJ7S6ePjfcAqfej [info] Sent 400 in 75µs on GET /api/credentials.json?
2026-06-14T11:54:00.560 application=api request_id=GLjwdZzpjYinnAUAqfmj [info] Sent 400 in 192µs on GET /api/phpinfo.php?
2026-06-14T11:54:00.801 application=api request_id=GLjwdatKydnweEAAuU-h [info] Sent 400 in 79µs on GET /api/docker-compose.yml?
2026-06-14T11:54:00.841 application=api request_id=GLjwda2w2gD3E_0ArNlC [info] Sent 400 in 60µs on GET /api/docker-compose.prod.yml?
2026-06-14T11:54:02.456 application=api request_id=GLjwdg3x59dWw1kAnZUk [info] Sent 400 in 82µs on GET /api/config.json?
2026-06-14T11:54:02.477 application=api request_id=GLjwdg88QKUwg0AAqf7j [info] Sent 400 in 64µs on GET /api/settings.json?
2026-06-14T11:54:02.478 application=api request_id=GLjwdg9NQN3HhWIAnZVE [info] Sent 400 in 31µs on GET /api/config.yml?
2026-06-14T11:54:02.500 application=api request_id=GLjwdhCcVDYSpAMAnZVk [info] Sent 400 in 64µs on GET /api/config.php?
2026-06-14T11:54:02.502 application=api request_id=GLjwdhCwotoIjlQAnZWE [info] Sent 400 in 183µs on GET /api/settings.yml?
2026-06-14T11:54:02.503 application=api request_id=GLjwdhCmC_AZKWsAuVSh [info] Sent 400 in 623µs on GET /api/database.yml?
2026-06-14T11:54:02.510 application=api request_id=GLjwdhElOCyY3uUAnZWk [info] Sent 400 in 85µs on GET /api/application.yml?
2026-06-14T11:54:02.518 application=api request_id=GLjwdhGh4PxMajIArN5i [info] Sent 400 in 62µs on GET /api/database.php?
2026-06-14T11:54:02.530 application=api request_id=GLjwdhJZR8-M4z8AqgDD [info] Sent 400 in 63µs on GET /api/credentials.json?
2026-06-14T11:54:02.532 application=api request_id=GLjwdhJykSLgoiIAqgDj [info] Sent 400 in 47µs on GET /api/secrets.json?
2026-06-14T11:54:02.532 application=api request_id=GLjwdhJoILCkhxQAuVTB [info] Sent 400 in 38µs on GET /api/appsettings.json?
2026-06-14T11:54:02.532 application=api request_id=GLjwdhJ9OM0lTrgAnZYk [info] Sent 400 in 61µs on GET /api/application.properties?
2026-06-14T11:54:02.558 application=api request_id=GLjwdhQFD4LyoCEArN6C [info] Sent 400 in 58µs on GET /api/parameters.yml?
2026-06-14T11:54:02.590 application=api request_id=GLjwdhXo-PyFVUcAuVUB [info] Sent 400 in 435µs on GET /api/v1/application.yml?
2026-06-14T11:54:02.592 application=api request_id=GLjwdhYSHZoHkLgAnZZE [info] Sent 400 in 40µs on GET /api/v2/application.yml?
2026-06-14T11:54:02.594 application=api request_id=GLjwdhYkIDLchCsAuVUh [info] Sent 400 in 133µs on GET /api/v2/config.json?
2026-06-14T11:54:02.594 application=api request_id=GLjwdhY3H8P1QgUAqgED [info] Sent 400 in 25µs on GET /api/keys.json?
2026-06-14T11:54:02.597 application=api request_id=GLjwdhZcgVRDbQwAnZZk [info] Sent 400 in 46µs on GET /api/v1/config.json?
2026-06-15T00:34:21.785 application=api [debug] Current API rate limit by key nil reqs/sec
2026-06-15T00:34:21.785 application=api [debug] Current API rate limit by IP nil reqs/sec
2026-06-15T11:58:46.312 application=api request_id=GLk_TLZgAOl6vrIAjKZk [info] Sent 400 in 134µs on GET /api/tags?
2026-06-15T11:58:46.428 application=api request_id=GLk_TL1ROPdFOYUAjKak [info] Sent 400 in 114µs on GET /api/version?
2026-06-15T11:58:47.328 application=api request_id=GLk_TPLwb77362sAjKiE [info] Sent 400 in 69µs on GET /api/generate?
2026-06-15T11:58:47.532 application=api request_id=GLk_TP8dKiZop1cAjKjE [info] Sent 400 in 94µs on GET /api/v1/collections?
2026-06-15T11:58:47.833 application=api request_id=GLk_TREGWvplYvYAjKkE [info] Sent 400 in 74µs on GET /api/v1/version?
2026-06-15T11:58:47.927 application=api request_id=GLk_TRauZZNE40gAjKlE [info] Sent 400 in 72µs on GET /api/2.0/mlflow/experiments/list?
2026-06-15T11:58:48.028 application=api request_id=GLk_TRyxto-3AFAAjKlk [info] Sent 400 in 91µs on GET /api/kernels?
2026-06-15T11:58:48.336 application=api request_id=GLk_TS8Nnk7Nr1YAjKrE [info] Sent 400 in 62µs on GET /api/flows?
2026-06-15T11:58:48.571 application=api request_id=GLk_TT0J2A79lcsAjKsE [info] Sent 400 in 62µs on GET /api/agents?
2026-06-15T11:58:48.930 application=api request_id=GLk_TVJs9kjoLMQAjKvk [info] Sent 400 in 179µs on GET /api/v1/status?
2026-06-16T20:33:16.053 application=api [debug] Current API rate limit by key nil reqs/sec
2026-06-16T20:33:16.053 application=api [debug] Current API rate limit by IP nil reqs/sec
2026-06-16T23:16:06.109 application=api request_id=GLmy13ctqNSJhLEAQeIC [info] Sent 200 in 2ms on GET /api?module=account&action=txlist&address=0xa693e6C9E23a0Ce84874C20B977A5d42EC80F1E2
