2026-06-13T07:06:06.854 application=explorer [info] tx/per day chart: collect records for transactions per day stats
2026-06-13T07:06:06.854 application=explorer [info] tx/per day chart: earliest date 2026-06-04 00:00:00Z
2026-06-13T07:06:06.854 application=explorer [info] tx/per day chart: latest date 2026-06-04 23:59:59Z
2026-06-13T07:06:06.986 application=explorer [info] tx/per day chart: timestamp cannot be converted to min/max blocks, trying to find min/max blocks through a fallback option}
2026-06-13T07:06:06.992 application=explorer [warning] tx/per day chart: failed to get min/max blocks through a fallback option}
2026-06-13T07:06:06.992 application=explorer [info] tx/per day chart: collect records for transactions per day stats
2026-06-13T07:06:06.992 application=explorer [info] tx/per day chart: earliest date 2026-06-05 00:00:00Z
2026-06-13T07:06:06.992 application=explorer [info] tx/per day chart: latest date 2026-06-05 23:59:59Z
2026-06-13T07:06:07.011 application=explorer [info] tx/per day chart: timestamp cannot be converted to min/max blocks, trying to find min/max blocks through a fallback option}
2026-06-13T07:06:07.022 application=explorer [warning] tx/per day chart: failed to get min/max blocks through a fallback option}
2026-06-13T07:06:07.022 application=explorer [info] tx/per day chart: collect records for transactions per day stats
2026-06-13T07:06:07.022 application=explorer [info] tx/per day chart: earliest date 2026-06-06 00:00:00Z
2026-06-13T07:06:07.022 application=explorer [info] tx/per day chart: latest date 2026-06-06 23:59:59Z
2026-06-13T07:06:07.051 application=explorer [info] tx/per day chart: timestamp cannot be converted to min/max blocks, trying to find min/max blocks through a fallback option}
2026-06-13T07:06:07.067 application=explorer [warning] tx/per day chart: failed to get min/max blocks through a fallback option}
2026-06-13T07:06:07.067 application=explorer [info] tx/per day chart: collect records for transactions per day stats
2026-06-13T07:06:07.067 application=explorer [info] tx/per day chart: earliest date 2026-06-07 00:00:00Z
2026-06-13T07:06:07.067 application=explorer [info] tx/per day chart: latest date 2026-06-07 23:59:59Z
2026-06-13T07:06:07.078 application=explorer [info] tx/per day chart: timestamp cannot be converted to min/max blocks, trying to find min/max blocks through a fallback option}
2026-06-13T07:06:07.088 application=explorer [warning] tx/per day chart: failed to get min/max blocks through a fallback option}
2026-06-13T07:06:07.088 application=explorer [info] tx/per day chart: collect records for transactions per day stats
2026-06-13T07:06:07.088 application=explorer [info] tx/per day chart: earliest date 2026-06-08 00:00:00Z
2026-06-13T07:06:07.088 application=explorer [info] tx/per day chart: latest date 2026-06-08 23:59:59Z
2026-06-13T07:06:07.112 application=explorer [info] tx/per day chart: timestamp cannot be converted to min/max blocks, trying to find min/max blocks through a fallback option}
2026-06-13T07:06:07.165 application=explorer [warning] tx/per day chart: failed to get min/max blocks through a fallback option}
2026-06-13T07:06:07.165 application=explorer [info] tx/per day chart: collect records for transactions per day stats
2026-06-13T07:06:07.165 application=explorer [info] tx/per day chart: earliest date 2026-06-09 00:00:00Z
2026-06-13T07:06:07.165 application=explorer [info] tx/per day chart: latest date 2026-06-09 23:59:59Z
2026-06-13T07:06:07.173 application=explorer [info] tx/per day chart: timestamp cannot be converted to min/max blocks, trying to find min/max blocks through a fallback option}
2026-06-13T07:06:07.184 application=explorer [warning] tx/per day chart: failed to get min/max blocks through a fallback option}
2026-06-13T07:06:07.184 application=explorer [info] tx/per day chart: collect records for transactions per day stats
2026-06-13T07:06:07.184 application=explorer [info] tx/per day chart: earliest date 2026-06-10 00:00:00Z
2026-06-13T07:06:07.184 application=explorer [info] tx/per day chart: latest date 2026-06-10 23:59:59Z
2026-06-13T07:06:07.213 application=explorer [info] tx/per day chart: timestamp cannot be converted to min/max blocks, trying to find min/max blocks through a fallback option}
2026-06-13T07:06:07.217 application=explorer [warning] tx/per day chart: failed to get min/max blocks through a fallback option}
2026-06-13T07:06:07.217 application=explorer [info] tx/per day chart: collect records for transactions per day stats
2026-06-13T07:06:07.217 application=explorer [info] tx/per day chart: earliest date 2026-06-11 00:00:00Z
2026-06-13T07:06:07.217 application=explorer [info] tx/per day chart: latest date 2026-06-11 23:59:59Z
2026-06-13T07:06:07.235 application=explorer [info] tx/per day chart: timestamp cannot be converted to min/max blocks, trying to find min/max blocks through a fallback option}
2026-06-13T07:06:07.244 application=explorer [warning] tx/per day chart: failed to get min/max blocks through a fallback option}
2026-06-13T07:06:07.244 application=explorer [info] tx/per day chart: collect records for transactions per day stats
2026-06-13T07:06:07.245 application=explorer [info] tx/per day chart: earliest date 2026-06-12 00:00:00Z
2026-06-13T07:06:07.245 application=explorer [info] tx/per day chart: latest date 2026-06-12 23:59:59Z
2026-06-13T07:06:07.260 application=explorer [info] tx/per day chart: timestamp cannot be converted to min/max blocks, trying to find min/max blocks through a fallback option}
2026-06-13T07:06:07.267 application=explorer [warning] tx/per day chart: failed to get min/max blocks through a fallback option}
2026-06-13T07:06:07.267 application=explorer [info] tx/per day chart: collect records for transactions per day stats
2026-06-13T07:06:07.267 application=explorer [info] tx/per day chart: records collected [%{date: ~D[2026-06-12], gas_used: 0, number_of_transactions: 0, total_fee: 0}, %{date: ~D[2026-06-11], gas_used: 0, number_of_transactions: 0, total_fee: 0}, %{date: ~D[2026-06-10], gas_used: 0, number_of_transactions: 0, total_fee: 0}, %{date: ~D[2026-06-09], gas_used: 0, number_of_transactions: 0, total_fee: 0}, %{date: ~D[2026-06-08], gas_used: 0, number_of_transactions: 0, total_fee: 0}, %{date: ~D[2026-06-07], gas_used: 0, number_of_transactions: 0, total_fee: 0}, %{date: ~D[2026-06-06], gas_used: 0, number_of_transactions: 0, total_fee: 0}, %{date: ~D[2026-06-05], gas_used: 0, number_of_transactions: 0, total_fee: 0}, %{date: ~D[2026-06-04], gas_used: 0, number_of_transactions: 0, total_fee: 0}]
2026-06-13T07:06:07.267 application=explorer [info] tx/per day chart: save records
2026-06-13T07:06:07.275 application=explorer [info] tx/per day chart: number of inserted 10
2026-06-13T07:06:21.832 application=explorer [info] Fetching chain spec path: nil.
2026-06-13T07:06:21.832 application=explorer [info] Fetching precompiled config path: nil.
2026-06-13T07:06:21.832 application=explorer [warning] Genesis data is not fetched. Neither chain spec path or precompiles config path are set.
2026-06-13T07:17:53.973 application=explorer [info] tx/per day chart: collect records for transactions per day stats
2026-06-13T07:17:53.973 application=explorer [info] tx/per day chart: earliest date 2026-06-04 00:00:00Z
2026-06-13T07:17:53.973 application=explorer [info] tx/per day chart: latest date 2026-06-04 23:59:59Z
2026-06-13T07:17:54.151 application=explorer [info] tx/per day chart: timestamp cannot be converted to min/max blocks, trying to find min/max blocks through a fallback option}
2026-06-13T07:17:54.197 application=explorer [warning] tx/per day chart: failed to get min/max blocks through a fallback option}
2026-06-13T07:17:54.197 application=explorer [info] tx/per day chart: collect records for transactions per day stats
2026-06-13T07:17:54.197 application=explorer [info] tx/per day chart: earliest date 2026-06-05 00:00:00Z
2026-06-13T07:17:54.197 application=explorer [info] tx/per day chart: latest date 2026-06-05 23:59:59Z
2026-06-13T07:17:54.228 application=explorer [info] tx/per day chart: timestamp cannot be converted to min/max blocks, trying to find min/max blocks through a fallback option}
2026-06-13T07:17:54.255 application=explorer [warning] tx/per day chart: failed to get min/max blocks through a fallback option}
2026-06-13T07:17:54.255 application=explorer [info] tx/per day chart: collect records for transactions per day stats
2026-06-13T07:17:54.255 application=explorer [info] tx/per day chart: earliest date 2026-06-06 00:00:00Z
2026-06-13T07:17:54.255 application=explorer [info] tx/per day chart: latest date 2026-06-06 23:59:59Z
2026-06-13T07:17:54.278 application=explorer [info] tx/per day chart: timestamp cannot be converted to min/max blocks, trying to find min/max blocks through a fallback option}
2026-06-13T07:17:54.297 application=explorer [warning] tx/per day chart: failed to get min/max blocks through a fallback option}
2026-06-13T07:17:54.297 application=explorer [info] tx/per day chart: collect records for transactions per day stats
2026-06-13T07:17:54.297 application=explorer [info] tx/per day chart: earliest date 2026-06-07 00:00:00Z
2026-06-13T07:17:54.297 application=explorer [info] tx/per day chart: latest date 2026-06-07 23:59:59Z
2026-06-13T07:17:54.314 application=explorer [info] tx/per day chart: timestamp cannot be converted to min/max blocks, trying to find min/max blocks through a fallback option}
2026-06-13T07:17:54.332 application=explorer [warning] tx/per day chart: failed to get min/max blocks through a fallback option}
2026-06-13T07:17:54.332 application=explorer [info] tx/per day chart: collect records for transactions per day stats
2026-06-13T07:17:54.332 application=explorer [info] tx/per day chart: earliest date 2026-06-08 00:00:00Z
2026-06-13T07:17:54.332 application=explorer [info] tx/per day chart: latest date 2026-06-08 23:59:59Z
2026-06-13T07:17:54.384 application=explorer [info] tx/per day chart: timestamp cannot be converted to min/max blocks, trying to find min/max blocks through a fallback option}
2026-06-13T07:17:54.400 application=explorer [warning] tx/per day chart: failed to get min/max blocks through a fallback option}
2026-06-13T07:17:54.400 application=explorer [info] tx/per day chart: collect records for transactions per day stats
2026-06-13T07:17:54.400 application=explorer [info] tx/per day chart: earliest date 2026-06-09 00:00:00Z
2026-06-13T07:17:54.400 application=explorer [info] tx/per day chart: latest date 2026-06-09 23:59:59Z
2026-06-13T07:17:54.424 application=explorer [info] tx/per day chart: timestamp cannot be converted to min/max blocks, trying to find min/max blocks through a fallback option}
2026-06-13T07:17:54.433 application=explorer [warning] tx/per day chart: failed to get min/max blocks through a fallback option}
2026-06-13T07:17:54.433 application=explorer [info] tx/per day chart: collect records for transactions per day stats
2026-06-13T07:17:54.433 application=explorer [info] tx/per day chart: earliest date 2026-06-10 00:00:00Z
2026-06-13T07:17:54.433 application=explorer [info] tx/per day chart: latest date 2026-06-10 23:59:59Z
2026-06-13T07:17:54.503 application=explorer [info] tx/per day chart: timestamp cannot be converted to min/max blocks, trying to find min/max blocks through a fallback option}
2026-06-13T07:17:54.509 application=explorer [warning] tx/per day chart: failed to get min/max blocks through a fallback option}
2026-06-13T07:17:54.509 application=explorer [info] tx/per day chart: collect records for transactions per day stats
2026-06-13T07:17:54.509 application=explorer [info] tx/per day chart: earliest date 2026-06-11 00:00:00Z
2026-06-13T07:17:54.509 application=explorer [info] tx/per day chart: latest date 2026-06-11 23:59:59Z
2026-06-13T07:17:54.518 application=explorer [info] tx/per day chart: timestamp cannot be converted to min/max blocks, trying to find min/max blocks through a fallback option}
2026-06-13T07:17:54.527 application=explorer [warning] tx/per day chart: failed to get min/max blocks through a fallback option}
2026-06-13T07:17:54.527 application=explorer [info] tx/per day chart: collect records for transactions per day stats
2026-06-13T07:17:54.527 application=explorer [info] tx/per day chart: earliest date 2026-06-12 00:00:00Z
2026-06-13T07:17:54.527 application=explorer [info] tx/per day chart: latest date 2026-06-12 23:59:59Z
2026-06-13T07:17:54.534 application=explorer [info] tx/per day chart: timestamp cannot be converted to min/max blocks, trying to find min/max blocks through a fallback option}
2026-06-13T07:17:54.537 application=explorer [warning] tx/per day chart: failed to get min/max blocks through a fallback option}
2026-06-13T07:17:54.537 application=explorer [info] tx/per day chart: collect records for transactions per day stats
2026-06-13T07:17:54.537 application=explorer [info] tx/per day chart: records collected [%{date: ~D[2026-06-12], gas_used: 0, number_of_transactions: 0, total_fee: 0}, %{date: ~D[2026-06-11], gas_used: 0, number_of_transactions: 0, total_fee: 0}, %{date: ~D[2026-06-10], gas_used: 0, number_of_transactions: 0, total_fee: 0}, %{date: ~D[2026-06-09], gas_used: 0, number_of_transactions: 0, total_fee: 0}, %{date: ~D[2026-06-08], gas_used: 0, number_of_transactions: 0, total_fee: 0}, %{date: ~D[2026-06-07], gas_used: 0, number_of_transactions: 0, total_fee: 0}, %{date: ~D[2026-06-06], gas_used: 0, number_of_transactions: 0, total_fee: 0}, %{date: ~D[2026-06-05], gas_used: 0, number_of_transactions: 0, total_fee: 0}, %{date: ~D[2026-06-04], gas_used: 0, number_of_transactions: 0, total_fee: 0}]
2026-06-13T07:17:54.537 application=explorer [info] tx/per day chart: save records
2026-06-13T07:17:54.544 application=explorer [info] tx/per day chart: number of inserted 10
2026-06-13T07:17:55.264 application=explorer [error] Failed to run create DB index query: %Postgrex.Error{message: nil, postgres: %{code: :deadlock_detected, line: "1130", message: "deadlock detected", file: "deadlock.c", unknown: "ERROR", severity: "ERROR", hint: "See server log for query details.", detail: "Process 2371 waits for ShareUpdateExclusiveLock on relation 16459 of database 16384; blocked by process 2377.\nProcess 2377 waits for ShareLock on virtual transaction 16/43; blocked by process 2371.", pg_code: "40P01", routine: "DeadLockReport"}, connection_id: 2371, query: nil}
2026-06-13T07:18:08.961 application=explorer [info] Fetching chain spec path: nil.
2026-06-13T07:18:08.961 application=explorer [info] Fetching precompiled config path: nil.
2026-06-13T07:18:08.961 application=explorer [warning] Genesis data is not fetched. Neither chain spec path or precompiles config path are set.
2026-06-13T21:24:31.249 application=explorer [info] tx/per day chart: collect records for transactions per day stats
2026-06-13T21:24:31.249 application=explorer [info] tx/per day chart: earliest date 2026-06-04 00:00:00Z
2026-06-13T21:24:31.249 application=explorer [info] tx/per day chart: latest date 2026-06-04 23:59:59Z
2026-06-13T21:24:31.347 application=explorer [info] tx/per day chart: min/max block numbers [441, 440]
2026-06-13T21:24:31.361 application=explorer [info] tx/per day chart: num of transactions 0
2026-06-13T21:24:31.369 application=explorer [info] tx/per day chart: total gas used 
2026-06-13T21:24:31.384 application=explorer [info] tx/per day chart: total fee 
2026-06-13T21:24:31.384 application=explorer [info] tx/per day chart: collect records for transactions per day stats
2026-06-13T21:24:31.385 application=explorer [info] tx/per day chart: earliest date 2026-06-05 00:00:00Z
2026-06-13T21:24:31.385 application=explorer [info] tx/per day chart: latest date 2026-06-05 23:59:59Z
2026-06-13T21:24:31.394 application=explorer [info] tx/per day chart: min/max block numbers [441, 440]
2026-06-13T21:24:31.401 application=explorer [info] tx/per day chart: num of transactions 0
2026-06-13T21:24:31.406 application=explorer [info] tx/per day chart: total gas used 
2026-06-13T21:24:31.413 application=explorer [info] tx/per day chart: total fee 
2026-06-13T21:24:31.413 application=explorer [info] tx/per day chart: collect records for transactions per day stats
2026-06-13T21:24:31.413 application=explorer [info] tx/per day chart: earliest date 2026-06-06 00:00:00Z
2026-06-13T21:24:31.413 application=explorer [info] tx/per day chart: latest date 2026-06-06 23:59:59Z
2026-06-13T21:24:31.431 application=explorer [info] tx/per day chart: min/max block numbers [441, 440]
2026-06-13T21:24:31.436 application=explorer [info] tx/per day chart: num of transactions 0
2026-06-13T21:24:31.439 application=explorer [info] tx/per day chart: total gas used 
2026-06-13T21:24:31.445 application=explorer [info] tx/per day chart: total fee 
2026-06-13T21:24:31.445 application=explorer [info] tx/per day chart: collect records for transactions per day stats
2026-06-13T21:24:31.445 application=explorer [info] tx/per day chart: earliest date 2026-06-07 00:00:00Z
2026-06-13T21:24:31.445 application=explorer [info] tx/per day chart: latest date 2026-06-07 23:59:59Z
2026-06-13T21:24:31.465 application=explorer [info] tx/per day chart: min/max block numbers [441, 440]
2026-06-13T21:24:31.467 application=explorer [info] tx/per day chart: num of transactions 0
2026-06-13T21:24:31.477 application=explorer [info] tx/per day chart: total gas used 
2026-06-13T21:24:31.489 application=explorer [info] tx/per day chart: total fee 
2026-06-13T21:24:31.489 application=explorer [info] tx/per day chart: collect records for transactions per day stats
2026-06-13T21:24:31.489 application=explorer [info] tx/per day chart: earliest date 2026-06-08 00:00:00Z
2026-06-13T21:24:31.489 application=explorer [info] tx/per day chart: latest date 2026-06-08 23:59:59Z
2026-06-13T21:24:31.541 application=explorer [info] tx/per day chart: min/max block numbers [441, 440]
2026-06-13T21:24:31.550 application=explorer [info] tx/per day chart: num of transactions 0
2026-06-13T21:24:31.557 application=explorer [info] tx/per day chart: total gas used 
2026-06-13T21:24:31.566 application=explorer [info] tx/per day chart: total fee 
2026-06-13T21:24:31.566 application=explorer [info] tx/per day chart: collect records for transactions per day stats
2026-06-13T21:24:31.566 application=explorer [info] tx/per day chart: earliest date 2026-06-09 00:00:00Z
2026-06-13T21:24:31.566 application=explorer [info] tx/per day chart: latest date 2026-06-09 23:59:59Z
2026-06-13T21:24:31.583 application=explorer [info] tx/per day chart: min/max block numbers [441, 440]
2026-06-13T21:24:31.587 application=explorer [info] tx/per day chart: num of transactions 0
2026-06-13T21:24:31.589 application=explorer [info] tx/per day chart: total gas used 
2026-06-13T21:24:31.592 application=explorer [info] tx/per day chart: total fee 
2026-06-13T21:24:31.592 application=explorer [info] tx/per day chart: collect records for transactions per day stats
2026-06-13T21:24:31.593 application=explorer [info] tx/per day chart: earliest date 2026-06-10 00:00:00Z
2026-06-13T21:24:31.593 application=explorer [info] tx/per day chart: latest date 2026-06-10 23:59:59Z
2026-06-13T21:24:31.605 application=explorer [info] tx/per day chart: min/max block numbers [441, 440]
2026-06-13T21:24:31.608 application=explorer [info] tx/per day chart: num of transactions 0
2026-06-13T21:24:31.612 application=explorer [info] tx/per day chart: total gas used 
2026-06-13T21:24:31.617 application=explorer [info] tx/per day chart: total fee 
2026-06-13T21:24:31.617 application=explorer [info] tx/per day chart: collect records for transactions per day stats
2026-06-13T21:24:31.617 application=explorer [info] tx/per day chart: earliest date 2026-06-11 00:00:00Z
2026-06-13T21:24:31.617 application=explorer [info] tx/per day chart: latest date 2026-06-11 23:59:59Z
2026-06-13T21:24:31.633 application=explorer [info] tx/per day chart: min/max block numbers [441, 440]
2026-06-13T21:24:31.637 application=explorer [info] tx/per day chart: num of transactions 0
2026-06-13T21:24:31.643 application=explorer [info] tx/per day chart: total gas used 
2026-06-13T21:24:31.648 application=explorer [info] tx/per day chart: total fee 
2026-06-13T21:24:31.648 application=explorer [info] tx/per day chart: collect records for transactions per day stats
2026-06-13T21:24:31.648 application=explorer [info] tx/per day chart: earliest date 2026-06-12 00:00:00Z
2026-06-13T21:24:31.648 application=explorer [info] tx/per day chart: latest date 2026-06-12 23:59:59Z
2026-06-13T21:24:31.662 application=explorer [info] tx/per day chart: min/max block numbers [441, 440]
2026-06-13T21:24:31.667 application=explorer [info] tx/per day chart: num of transactions 0
2026-06-13T21:24:31.673 application=explorer [info] tx/per day chart: total gas used 
2026-06-13T21:24:31.675 application=explorer [info] tx/per day chart: total fee 
2026-06-13T21:24:31.675 application=explorer [info] tx/per day chart: collect records for transactions per day stats
2026-06-13T21:24:31.675 application=explorer [info] tx/per day chart: records collected [%{date: ~D[2026-06-12], gas_used: nil, number_of_transactions: 0, total_fee: nil}, %{date: ~D[2026-06-11], gas_used: nil, number_of_transactions: 0, total_fee: nil}, %{date: ~D[2026-06-10], gas_used: nil, number_of_transactions: 0, total_fee: nil}, %{date: ~D[2026-06-09], gas_used: nil, number_of_transactions: 0, total_fee: nil}, %{date: ~D[2026-06-08], gas_used: nil, number_of_transactions: 0, total_fee: nil}, %{date: ~D[2026-06-07], gas_used: nil, number_of_transactions: 0, total_fee: nil}, %{date: ~D[2026-06-06], gas_used: nil, number_of_transactions: 0, total_fee: nil}, %{date: ~D[2026-06-05], gas_used: nil, number_of_transactions: 0, total_fee: nil}, %{date: ~D[2026-06-04], gas_used: nil, number_of_transactions: 0, total_fee: nil}]
2026-06-13T21:24:31.676 application=explorer [info] tx/per day chart: save records
2026-06-13T21:24:31.680 application=explorer [info] tx/per day chart: number of inserted 10
2026-06-13T21:24:46.244 application=explorer [info] Fetching chain spec path: nil.
2026-06-13T21:24:46.244 application=explorer [info] Fetching precompiled config path: nil.
2026-06-13T21:24:46.244 application=explorer [warning] Genesis data is not fetched. Neither chain spec path or precompiles config path are set.
2026-06-14T00:00:00.002 application=explorer [info] tx/per day chart: collect records for transactions per day stats
2026-06-14T00:00:00.002 application=explorer [info] tx/per day chart: earliest date 2026-06-13 00:00:00Z
2026-06-14T00:00:00.002 application=explorer [info] tx/per day chart: latest date 2026-06-13 23:59:59Z
2026-06-14T00:00:00.017 application=explorer [info] tx/per day chart: min/max block numbers [1, 3538]
2026-06-14T00:00:00.022 application=explorer [info] tx/per day chart: num of transactions 7
2026-06-14T00:00:00.027 application=explorer [info] tx/per day chart: total gas used 793022
2026-06-14T00:00:00.031 application=explorer [info] tx/per day chart: total fee 21000000000000
2026-06-14T00:00:00.031 application=explorer [info] tx/per day chart: collect records for transactions per day stats
2026-06-14T00:00:00.031 application=explorer [info] tx/per day chart: records collected [%{date: ~D[2026-06-13], gas_used: Decimal.new("793022"), number_of_transactions: 7, total_fee: Decimal.new("21000000000000")}]
2026-06-14T00:00:00.031 application=explorer [info] tx/per day chart: save records
2026-06-14T00:00:00.044 application=explorer [info] tx/per day chart: number of inserted 2
2026-06-15T00:00:00.000 application=explorer [info] tx/per day chart: collect records for transactions per day stats
2026-06-15T00:00:00.001 application=explorer [info] tx/per day chart: earliest date 2026-06-14 00:00:00Z
2026-06-15T00:00:00.001 application=explorer [info] tx/per day chart: latest date 2026-06-14 23:59:59Z
2026-06-15T00:00:00.021 application=explorer [info] tx/per day chart: min/max block numbers [3539, 32323]
2026-06-15T00:00:00.025 application=explorer [info] tx/per day chart: num of transactions 1
2026-06-15T00:00:00.028 application=explorer [info] tx/per day chart: total gas used 222161
2026-06-15T00:00:00.036 application=explorer [info] tx/per day chart: total fee 0
2026-06-15T00:00:00.036 application=explorer [info] tx/per day chart: collect records for transactions per day stats
2026-06-15T00:00:00.036 application=explorer [info] tx/per day chart: records collected [%{date: ~D[2026-06-14], gas_used: Decimal.new("222161"), number_of_transactions: 1, total_fee: Decimal.new("0")}]
2026-06-15T00:00:00.037 application=explorer [info] tx/per day chart: save records
2026-06-15T00:00:00.046 application=explorer [info] tx/per day chart: number of inserted 2
2026-06-15T00:34:21.783 application=explorer [info] tx/per day chart: collect records for transactions per day stats
2026-06-15T00:34:21.783 application=explorer [info] tx/per day chart: earliest date 2026-06-06 00:00:00Z
2026-06-15T00:34:21.783 application=explorer [info] tx/per day chart: latest date 2026-06-06 23:59:59Z
2026-06-15T00:34:21.916 application=explorer [info] tx/per day chart: min/max block numbers [1, 0]
2026-06-15T00:34:21.959 application=explorer [info] tx/per day chart: num of transactions 0
2026-06-15T00:34:21.990 application=explorer [info] tx/per day chart: total gas used 
2026-06-15T00:34:22.007 application=explorer [info] tx/per day chart: total fee 
2026-06-15T00:34:22.007 application=explorer [info] tx/per day chart: collect records for transactions per day stats
2026-06-15T00:34:22.007 application=explorer [info] tx/per day chart: earliest date 2026-06-07 00:00:00Z
2026-06-15T00:34:22.007 application=explorer [info] tx/per day chart: latest date 2026-06-07 23:59:59Z
2026-06-15T00:34:22.063 application=explorer [info] tx/per day chart: min/max block numbers [1, 0]
2026-06-15T00:34:22.071 application=explorer [info] tx/per day chart: num of transactions 0
2026-06-15T00:34:22.090 application=explorer [info] tx/per day chart: total gas used 
2026-06-15T00:34:22.106 application=explorer [info] tx/per day chart: total fee 
2026-06-15T00:34:22.106 application=explorer [info] tx/per day chart: collect records for transactions per day stats
2026-06-15T00:34:22.106 application=explorer [info] tx/per day chart: earliest date 2026-06-08 00:00:00Z
2026-06-15T00:34:22.106 application=explorer [info] tx/per day chart: latest date 2026-06-08 23:59:59Z
2026-06-15T00:34:22.143 application=explorer [info] tx/per day chart: min/max block numbers [1, 0]
2026-06-15T00:34:22.155 application=explorer [info] tx/per day chart: num of transactions 0
2026-06-15T00:34:22.172 application=explorer [info] tx/per day chart: total gas used 
2026-06-15T00:34:22.180 application=explorer [info] tx/per day chart: total fee 
2026-06-15T00:34:22.180 application=explorer [info] tx/per day chart: collect records for transactions per day stats
2026-06-15T00:34:22.180 application=explorer [info] tx/per day chart: earliest date 2026-06-09 00:00:00Z
2026-06-15T00:34:22.180 application=explorer [info] tx/per day chart: latest date 2026-06-09 23:59:59Z
2026-06-15T00:34:22.196 application=explorer [info] tx/per day chart: min/max block numbers [1, 0]
2026-06-15T00:34:22.203 application=explorer [info] tx/per day chart: num of transactions 0
2026-06-15T00:34:22.209 application=explorer [info] tx/per day chart: total gas used 
2026-06-15T00:34:22.213 application=explorer [info] tx/per day chart: total fee 
2026-06-15T00:34:22.213 application=explorer [info] tx/per day chart: collect records for transactions per day stats
2026-06-15T00:34:22.213 application=explorer [info] tx/per day chart: earliest date 2026-06-10 00:00:00Z
2026-06-15T00:34:22.213 application=explorer [info] tx/per day chart: latest date 2026-06-10 23:59:59Z
2026-06-15T00:34:22.226 application=explorer [info] tx/per day chart: min/max block numbers [1, 0]
2026-06-15T00:34:22.230 application=explorer [info] tx/per day chart: num of transactions 0
2026-06-15T00:34:22.233 application=explorer [info] tx/per day chart: total gas used 
2026-06-15T00:34:22.237 application=explorer [info] tx/per day chart: total fee 
2026-06-15T00:34:22.237 application=explorer [info] tx/per day chart: collect records for transactions per day stats
2026-06-15T00:34:22.237 application=explorer [info] tx/per day chart: earliest date 2026-06-11 00:00:00Z
2026-06-15T00:34:22.237 application=explorer [info] tx/per day chart: latest date 2026-06-11 23:59:59Z
2026-06-15T00:34:22.251 application=explorer [info] tx/per day chart: min/max block numbers [1, 0]
2026-06-15T00:34:22.257 application=explorer [info] tx/per day chart: num of transactions 0
2026-06-15T00:34:22.258 application=explorer [info] tx/per day chart: total gas used 
2026-06-15T00:34:22.261 application=explorer [info] tx/per day chart: total fee 
2026-06-15T00:34:22.261 application=explorer [info] tx/per day chart: collect records for transactions per day stats
2026-06-15T00:34:22.261 application=explorer [info] tx/per day chart: earliest date 2026-06-12 00:00:00Z
2026-06-15T00:34:22.261 application=explorer [info] tx/per day chart: latest date 2026-06-12 23:59:59Z
2026-06-15T00:34:22.277 application=explorer [info] tx/per day chart: min/max block numbers [1, 0]
2026-06-15T00:34:22.280 application=explorer [info] tx/per day chart: num of transactions 0
2026-06-15T00:34:22.284 application=explorer [info] tx/per day chart: total gas used 
2026-06-15T00:34:22.288 application=explorer [info] tx/per day chart: total fee 
2026-06-15T00:34:22.288 application=explorer [info] tx/per day chart: collect records for transactions per day stats
2026-06-15T00:34:22.288 application=explorer [info] tx/per day chart: earliest date 2026-06-13 00:00:00Z
2026-06-15T00:34:22.288 application=explorer [info] tx/per day chart: latest date 2026-06-13 23:59:59Z
2026-06-15T00:34:22.300 application=explorer [info] tx/per day chart: min/max block numbers [1, 3538]
2026-06-15T00:34:22.304 application=explorer [info] tx/per day chart: num of transactions 7
2026-06-15T00:34:22.309 application=explorer [info] tx/per day chart: total gas used 793022
2026-06-15T00:34:22.311 application=explorer [info] tx/per day chart: total fee 21000000000000
2026-06-15T00:34:22.311 application=explorer [info] tx/per day chart: collect records for transactions per day stats
2026-06-15T00:34:22.312 application=explorer [info] tx/per day chart: earliest date 2026-06-14 00:00:00Z
2026-06-15T00:34:22.312 application=explorer [info] tx/per day chart: latest date 2026-06-14 23:59:59Z
2026-06-15T00:34:22.320 application=explorer [info] tx/per day chart: min/max block numbers [3539, 32323]
2026-06-15T00:34:22.324 application=explorer [info] tx/per day chart: num of transactions 1
2026-06-15T00:34:22.329 application=explorer [info] tx/per day chart: total gas used 222161
2026-06-15T00:34:22.333 application=explorer [info] tx/per day chart: total fee 0
2026-06-15T00:34:22.333 application=explorer [info] tx/per day chart: collect records for transactions per day stats
2026-06-15T00:34:22.333 application=explorer [info] tx/per day chart: records collected [%{date: ~D[2026-06-14], gas_used: Decimal.new("222161"), number_of_transactions: 1, total_fee: Decimal.new("0")}, %{date: ~D[2026-06-13], gas_used: Decimal.new("793022"), number_of_transactions: 7, total_fee: Decimal.new("21000000000000")}, %{date: ~D[2026-06-12], gas_used: nil, number_of_transactions: 0, total_fee: nil}, %{date: ~D[2026-06-11], gas_used: nil, number_of_transactions: 0, total_fee: nil}, %{date: ~D[2026-06-10], gas_used: nil, number_of_transactions: 0, total_fee: nil}, %{date: ~D[2026-06-09], gas_used: nil, number_of_transactions: 0, total_fee: nil}, %{date: ~D[2026-06-08], gas_used: nil, number_of_transactions: 0, total_fee: nil}, %{date: ~D[2026-06-07], gas_used: nil, number_of_transactions: 0, total_fee: nil}, %{date: ~D[2026-06-06], gas_used: nil, number_of_transactions: 0, total_fee: nil}]
2026-06-15T00:34:22.333 application=explorer [info] tx/per day chart: save records
2026-06-15T00:34:22.339 application=explorer [info] tx/per day chart: number of inserted 10
2026-06-15T00:34:49.012 application=explorer fetcher=block_realtime block_number=30279 [warning] Set refetch_needed for partially imported block because of error: [30279]
2026-06-15T00:34:49.569 application=explorer fetcher=block_realtime block_number=23527 [warning] Set refetch_needed for partially imported block because of error: [23527]
2026-06-15T00:34:49.585 application=explorer fetcher=block_realtime block_number=30019 [warning] Set refetch_needed for partially imported block because of error: [30019]
2026-06-15T00:34:49.911 application=explorer fetcher=block_realtime block_number=23856 [warning] Set refetch_needed for partially imported block because of error: [23856]
2026-06-15T00:34:50.123 application=explorer fetcher=block_realtime block_number=31244 [warning] Set refetch_needed for partially imported block because of error: [31244]
2026-06-15T00:34:50.167 application=explorer fetcher=block_realtime block_number=30865 [warning] Set refetch_needed for partially imported block because of error: [30865]
2026-06-15T00:34:50.170 application=explorer fetcher=block_realtime block_number=31270 [warning] Set refetch_needed for partially imported block because of error: [31270]
2026-06-15T00:34:50.239 application=explorer fetcher=block_realtime block_number=31271 [warning] Set refetch_needed for partially imported block because of error: [31271]
2026-06-15T00:34:50.250 application=explorer fetcher=block_realtime block_number=26812 [warning] Set refetch_needed for partially imported block because of error: [26812]
2026-06-15T00:34:50.252 application=explorer fetcher=block_realtime block_number=31358 [warning] Set refetch_needed for partially imported block because of error: [31358]
2026-06-15T00:34:50.255 application=explorer fetcher=block_realtime block_number=31266 [warning] Set refetch_needed for partially imported block because of error: [31266]
2026-06-15T00:34:50.320 application=explorer fetcher=block_realtime block_number=30726 [warning] Set refetch_needed for partially imported block because of error: [30726]
2026-06-15T00:34:50.366 application=explorer fetcher=block_realtime block_number=19130 [warning] Set refetch_needed for partially imported block because of error: [19130]
2026-06-15T00:34:50.399 application=explorer fetcher=block_realtime block_number=31294 [warning] Set refetch_needed for partially imported block because of error: [31294]
2026-06-15T00:34:50.473 application=explorer fetcher=block_realtime block_number=18590 [warning] Set refetch_needed for partially imported block because of error: [18590]
2026-06-15T00:34:50.476 application=explorer fetcher=block_realtime block_number=31328 [warning] Set refetch_needed for partially imported block because of error: [31328]
2026-06-15T00:34:50.664 application=explorer fetcher=block_realtime block_number=19162 [warning] Set refetch_needed for partially imported block because of error: [19162]
2026-06-15T00:34:50.779 application=explorer fetcher=block_realtime block_number=31419 [warning] Set refetch_needed for partially imported block because of error: [31419]
2026-06-15T00:34:50.825 application=explorer fetcher=block_realtime block_number=31846 [warning] Set refetch_needed for partially imported block because of error: [31846]
2026-06-15T00:34:50.830 application=explorer fetcher=block_realtime block_number=32283 [warning] Set refetch_needed for partially imported block because of error: [32283]
2026-06-15T00:34:50.837 application=explorer fetcher=block_realtime block_number=31508 [warning] Set refetch_needed for partially imported block because of error: [31508]
2026-06-15T00:34:50.839 application=explorer fetcher=block_realtime block_number=31511 [warning] Set refetch_needed for partially imported block because of error: [31511]
2026-06-15T00:34:51.310 application=explorer fetcher=block_realtime block_number=31849 [warning] Set refetch_needed for partially imported block because of error: [31849]
2026-06-15T00:34:51.319 application=explorer fetcher=block_realtime block_number=31842 [warning] Set refetch_needed for partially imported block because of error: [31842]
2026-06-15T00:34:51.320 application=explorer fetcher=block_realtime block_number=31852 [warning] Set refetch_needed for partially imported block because of error: [31852]
2026-06-15T00:34:51.329 application=explorer fetcher=block_realtime block_number=31850 [warning] Set refetch_needed for partially imported block because of error: [31850]
2026-06-15T00:34:51.329 application=explorer fetcher=block_realtime block_number=31779 [warning] Set refetch_needed for partially imported block because of error: [31779]
2026-06-15T00:34:51.337 application=explorer fetcher=block_realtime block_number=31856 [warning] Set refetch_needed for partially imported block because of error: [31856]
2026-06-15T00:34:51.343 application=explorer fetcher=block_realtime block_number=31840 [warning] Set refetch_needed for partially imported block because of error: [31840]
2026-06-15T00:34:51.344 application=explorer fetcher=block_realtime block_number=31510 [warning] Set refetch_needed for partially imported block because of error: [31510]
2026-06-15T00:34:51.344 application=explorer fetcher=block_realtime block_number=31458 [warning] Set refetch_needed for partially imported block because of error: [31458]
2026-06-15T00:34:51.402 application=explorer fetcher=block_realtime block_number=31860 [warning] Set refetch_needed for partially imported block because of error: [31860]
2026-06-15T00:34:51.402 application=explorer fetcher=block_realtime block_number=31866 [warning] Set refetch_needed for partially imported block because of error: [31866]
2026-06-15T00:34:51.402 application=explorer fetcher=block_realtime block_number=31506 [warning] Set refetch_needed for partially imported block because of error: [31506]
2026-06-15T00:34:51.402 application=explorer fetcher=block_realtime block_number=31509 [warning] Set refetch_needed for partially imported block because of error: [31509]
2026-06-15T00:34:51.405 application=explorer fetcher=block_realtime block_number=31582 [warning] Set refetch_needed for partially imported block because of error: [31582]
2026-06-15T00:34:51.407 application=explorer fetcher=block_realtime block_number=31446 [warning] Set refetch_needed for partially imported block because of error: [31446]
2026-06-15T00:34:51.407 application=explorer fetcher=block_realtime block_number=31655 [warning] Set refetch_needed for partially imported block because of error: [31655]
2026-06-15T00:34:51.412 application=explorer fetcher=block_realtime block_number=31455 [warning] Set refetch_needed for partially imported block because of error: [31455]
2026-06-15T00:34:51.412 application=explorer fetcher=block_realtime block_number=32262 [warning] Set refetch_needed for partially imported block because of error: [32262]
2026-06-15T00:34:51.412 application=explorer fetcher=block_realtime block_number=31517 [warning] Set refetch_needed for partially imported block because of error: [31517]
2026-06-15T00:34:51.418 application=explorer fetcher=block_realtime block_number=31507 [warning] Set refetch_needed for partially imported block because of error: [31507]
2026-06-15T00:34:51.418 application=explorer fetcher=block_realtime block_number=31854 [warning] Set refetch_needed for partially imported block because of error: [31854]
2026-06-15T00:34:51.419 application=explorer fetcher=block_realtime block_number=31858 [warning] Set refetch_needed for partially imported block because of error: [31858]
2026-06-15T00:34:51.432 application=explorer fetcher=block_realtime block_number=31592 [warning] Set refetch_needed for partially imported block because of error: [31592]
2026-06-15T00:34:51.446 application=explorer fetcher=block_realtime block_number=31590 [warning] Set refetch_needed for partially imported block because of error: [31590]
2026-06-15T00:34:51.463 application=explorer fetcher=block_realtime block_number=31572 [warning] Set refetch_needed for partially imported block because of error: [31572]
2026-06-15T00:34:51.474 application=explorer fetcher=block_realtime block_number=31778 [warning] Set refetch_needed for partially imported block because of error: [31778]
2026-06-15T00:34:51.489 application=explorer fetcher=block_realtime block_number=31574 [warning] Set refetch_needed for partially imported block because of error: [31574]
2026-06-15T00:34:51.489 application=explorer fetcher=block_realtime block_number=31518 [warning] Set refetch_needed for partially imported block because of error: [31518]
2026-06-15T00:34:51.489 application=explorer fetcher=block_realtime block_number=31512 [warning] Set refetch_needed for partially imported block because of error: [31512]
2026-06-15T00:34:51.501 application=explorer fetcher=block_realtime block_number=31845 [warning] Set refetch_needed for partially imported block because of error: [31845]
2026-06-15T00:34:51.500 application=explorer fetcher=block_realtime block_number=31594 [warning] Set refetch_needed for partially imported block because of error: [31594]
2026-06-15T00:34:51.507 application=explorer fetcher=block_realtime block_number=31657 [warning] Set refetch_needed for partially imported block because of error: [31657]
2026-06-15T00:34:51.507 application=explorer fetcher=block_realtime block_number=31447 [warning] Set refetch_needed for partially imported block because of error: [31447]
2026-06-15T00:34:51.507 application=explorer fetcher=block_realtime block_number=31529 [warning] Set refetch_needed for partially imported block because of error: [31529]
2026-06-15T00:34:51.512 application=explorer fetcher=block_realtime block_number=31453 [warning] Set refetch_needed for partially imported block because of error: [31453]
2026-06-15T00:34:51.513 application=explorer fetcher=block_realtime block_number=31531 [warning] Set refetch_needed for partially imported block because of error: [31531]
2026-06-15T00:34:51.558 application=explorer fetcher=block_realtime block_number=31834 [warning] Set refetch_needed for partially imported block because of error: [31834]
2026-06-15T00:34:51.558 application=explorer fetcher=block_realtime block_number=31527 [warning] Set refetch_needed for partially imported block because of error: [31527]
2026-06-15T00:34:51.562 application=explorer fetcher=block_realtime block_number=31859 [warning] Set refetch_needed for partially imported block because of error: [31859]
2026-06-15T00:34:51.579 application=explorer fetcher=block_realtime block_number=31477 [warning] Set refetch_needed for partially imported block because of error: [31477]
2026-06-15T00:34:51.585 application=explorer fetcher=block_realtime block_number=31576 [warning] Set refetch_needed for partially imported block because of error: [31576]
2026-06-15T00:34:51.587 application=explorer fetcher=block_realtime block_number=31836 [warning] Set refetch_needed for partially imported block because of error: [31836]
2026-06-15T00:34:51.587 application=explorer fetcher=block_realtime block_number=31809 [warning] Set refetch_needed for partially imported block because of error: [31809]
2026-06-15T00:34:51.588 application=explorer fetcher=block_realtime block_number=31855 [warning] Set refetch_needed for partially imported block because of error: [31855]
2026-06-15T00:34:51.588 application=explorer fetcher=block_realtime block_number=31513 [warning] Set refetch_needed for partially imported block because of error: [31513]
2026-06-15T00:34:51.588 application=explorer fetcher=block_realtime block_number=31835 [warning] Set refetch_needed for partially imported block because of error: [31835]
2026-06-15T00:34:51.601 application=explorer fetcher=block_realtime block_number=31839 [warning] Set refetch_needed for partially imported block because of error: [31839]
2026-06-15T00:34:51.601 application=explorer fetcher=block_realtime block_number=31652 [warning] Set refetch_needed for partially imported block because of error: [31652]
2026-06-15T00:34:51.730 application=explorer fetcher=block_realtime block_number=31464 [warning] Set refetch_needed for partially imported block because of error: [31464]
2026-06-15T00:34:51.741 application=explorer fetcher=block_realtime block_number=31461 [warning] Set refetch_needed for partially imported block because of error: [31461]
2026-06-15T00:34:51.742 application=explorer fetcher=block_realtime block_number=31667 [warning] Set refetch_needed for partially imported block because of error: [31667]
2026-06-15T00:34:51.771 application=explorer fetcher=block_realtime block_number=31818 [warning] Set refetch_needed for partially imported block because of error: [31818]
2026-06-15T00:34:51.794 application=explorer fetcher=block_realtime block_number=31521 [warning] Set refetch_needed for partially imported block because of error: [31521]
2026-06-15T00:34:51.794 application=explorer fetcher=block_realtime block_number=32610 [warning] Set refetch_needed for partially imported block because of error: [32610]
2026-06-15T00:34:51.796 application=explorer fetcher=block_realtime block_number=31392 [warning] Set refetch_needed for partially imported block because of error: [31392]
2026-06-15T00:34:51.796 application=explorer fetcher=block_realtime block_number=32544 [warning] Set refetch_needed for partially imported block because of error: [32544]
2026-06-15T00:34:51.796 application=explorer fetcher=block_realtime block_number=31429 [warning] Set refetch_needed for partially imported block because of error: [31429]
2026-06-15T00:34:51.796 application=explorer fetcher=block_realtime block_number=32111 [warning] Set refetch_needed for partially imported block because of error: [32111]
2026-06-15T00:34:51.797 application=explorer fetcher=block_realtime block_number=31672 [warning] Set refetch_needed for partially imported block because of error: [31672]
2026-06-15T00:34:51.806 application=explorer fetcher=block_realtime block_number=31615 [warning] Set refetch_needed for partially imported block because of error: [31615]
2026-06-15T00:34:51.807 application=explorer fetcher=block_realtime block_number=31394 [warning] Set refetch_needed for partially imported block because of error: [31394]
2026-06-15T00:34:51.817 application=explorer fetcher=block_realtime block_number=32541 [warning] Set refetch_needed for partially imported block because of error: [32541]
2026-06-15T00:34:51.824 application=explorer fetcher=block_realtime block_number=32534 [warning] Set refetch_needed for partially imported block because of error: [32534]
2026-06-15T00:34:51.825 application=explorer fetcher=block_realtime block_number=31596 [warning] Set refetch_needed for partially imported block because of error: [31596]
2026-06-15T00:34:51.839 application=explorer fetcher=block_realtime block_number=32556 [warning] Set refetch_needed for partially imported block because of error: [32556]
2026-06-15T00:34:51.839 application=explorer fetcher=block_realtime block_number=32807 [warning] Set refetch_needed for partially imported block because of error: [32807]
2026-06-15T00:34:51.839 application=explorer fetcher=block_realtime block_number=32551 [warning] Set refetch_needed for partially imported block because of error: [32551]
2026-06-15T00:34:51.850 application=explorer fetcher=block_realtime block_number=32118 [warning] Set refetch_needed for partially imported block because of error: [32118]
2026-06-15T00:34:51.850 application=explorer fetcher=block_realtime block_number=32806 [warning] Set refetch_needed for partially imported block because of error: [32806]
2026-06-15T00:34:51.853 application=explorer fetcher=block_realtime block_number=31069 [warning] Set refetch_needed for partially imported block because of error: [31069]
2026-06-15T00:34:51.853 application=explorer fetcher=block_realtime block_number=32656 [warning] Set refetch_needed for partially imported block because of error: [32656]
2026-06-15T00:34:51.853 application=explorer fetcher=block_realtime block_number=32798 [warning] Set refetch_needed for partially imported block because of error: [32798]
2026-06-15T00:34:51.857 application=explorer fetcher=block_realtime block_number=31526 [warning] Set refetch_needed for partially imported block because of error: [31526]
2026-06-15T00:34:51.858 application=explorer fetcher=block_realtime block_number=31465 [warning] Set refetch_needed for partially imported block because of error: [31465]
2026-06-15T00:34:51.883 application=explorer fetcher=block_realtime block_number=32662 [warning] Set refetch_needed for partially imported block because of error: [32662]
2026-06-15T00:34:51.908 application=explorer fetcher=block_realtime block_number=31383 [warning] Set refetch_needed for partially imported block because of error: [31383]
2026-06-15T00:34:51.924 application=explorer fetcher=block_realtime block_number=31578 [warning] Set refetch_needed for partially imported block because of error: [31578]
2026-06-15T00:34:51.924 application=explorer fetcher=block_realtime block_number=31532 [warning] Set refetch_needed for partially imported block because of error: [31532]
2026-06-15T00:34:51.924 application=explorer fetcher=block_realtime block_number=32116 [warning] Set refetch_needed for partially imported block because of error: [32116]
2026-06-15T00:34:51.950 application=explorer fetcher=block_realtime block_number=32651 [warning] Set refetch_needed for partially imported block because of error: [32651]
2026-06-15T00:34:51.977 application=explorer fetcher=block_realtime block_number=31430 [warning] Set refetch_needed for partially imported block because of error: [31430]
2026-06-15T00:34:52.132 application=explorer fetcher=block_realtime block_number=31580 [warning] Set refetch_needed for partially imported block because of error: [31580]
2026-06-15T00:34:52.261 application=explorer fetcher=block_realtime block_number=31422 [warning] Set refetch_needed for partially imported block because of error: [31422]
2026-06-16T00:00:00.477 application=explorer [info] tx/per day chart: collect records for transactions per day stats
2026-06-16T00:00:00.477 application=explorer [info] tx/per day chart: earliest date 2026-06-15 00:00:00Z
2026-06-16T00:00:00.477 application=explorer [info] tx/per day chart: latest date 2026-06-15 23:59:59Z
2026-06-16T00:00:00.519 application=explorer [info] tx/per day chart: min/max block numbers [32324, 60926]
2026-06-16T00:00:00.537 application=explorer [info] tx/per day chart: num of transactions 30
2026-06-16T00:00:00.545 application=explorer [info] tx/per day chart: total gas used 1550595
2026-06-16T00:00:00.549 application=explorer [info] tx/per day chart: total fee 0
2026-06-16T00:00:00.549 application=explorer [info] tx/per day chart: collect records for transactions per day stats
2026-06-16T00:00:00.549 application=explorer [info] tx/per day chart: records collected [%{date: ~D[2026-06-15], gas_used: Decimal.new("1550595"), number_of_transactions: 30, total_fee: Decimal.new("0")}]
2026-06-16T00:00:00.549 application=explorer [info] tx/per day chart: save records
2026-06-16T00:00:00.569 application=explorer [info] tx/per day chart: number of inserted 2
2026-06-16T20:33:15.958 application=explorer [info] tx/per day chart: collect records for transactions per day stats
2026-06-16T20:33:15.958 application=explorer [info] tx/per day chart: earliest date 2026-06-07 00:00:00Z
2026-06-16T20:33:15.958 application=explorer [info] tx/per day chart: latest date 2026-06-07 23:59:59Z
2026-06-16T20:33:16.390 application=explorer [info] tx/per day chart: min/max block numbers [1, 0]
2026-06-16T20:33:16.396 application=explorer [info] tx/per day chart: num of transactions 0
2026-06-16T20:33:16.400 application=explorer [info] tx/per day chart: total gas used 
2026-06-16T20:33:16.408 application=explorer [info] tx/per day chart: total fee 
2026-06-16T20:33:16.408 application=explorer [info] tx/per day chart: collect records for transactions per day stats
2026-06-16T20:33:16.408 application=explorer [info] tx/per day chart: earliest date 2026-06-08 00:00:00Z
2026-06-16T20:33:16.408 application=explorer [info] tx/per day chart: latest date 2026-06-08 23:59:59Z
2026-06-16T20:33:16.438 application=explorer [info] tx/per day chart: min/max block numbers [1, 0]
2026-06-16T20:33:16.449 application=explorer [info] tx/per day chart: num of transactions 0
2026-06-16T20:33:16.462 application=explorer [info] tx/per day chart: total gas used 
2026-06-16T20:33:16.472 application=explorer [info] tx/per day chart: total fee 
2026-06-16T20:33:16.472 application=explorer [info] tx/per day chart: collect records for transactions per day stats
2026-06-16T20:33:16.472 application=explorer [info] tx/per day chart: earliest date 2026-06-09 00:00:00Z
2026-06-16T20:33:16.472 application=explorer [info] tx/per day chart: latest date 2026-06-09 23:59:59Z
2026-06-16T20:33:16.519 application=explorer [info] tx/per day chart: min/max block numbers [1, 0]
2026-06-16T20:33:16.525 application=explorer [info] tx/per day chart: num of transactions 0
2026-06-16T20:33:16.528 application=explorer [info] tx/per day chart: total gas used 
2026-06-16T20:33:16.532 application=explorer [info] tx/per day chart: total fee 
2026-06-16T20:33:16.532 application=explorer [info] tx/per day chart: collect records for transactions per day stats
2026-06-16T20:33:16.532 application=explorer [info] tx/per day chart: earliest date 2026-06-10 00:00:00Z
2026-06-16T20:33:16.533 application=explorer [info] tx/per day chart: latest date 2026-06-10 23:59:59Z
2026-06-16T20:33:16.554 application=explorer [info] tx/per day chart: min/max block numbers [1, 0]
2026-06-16T20:33:16.605 application=explorer [info] tx/per day chart: num of transactions 0
2026-06-16T20:33:16.632 application=explorer [info] tx/per day chart: total gas used 
2026-06-16T20:33:16.650 application=explorer [info] tx/per day chart: total fee 
2026-06-16T20:33:16.650 application=explorer [info] tx/per day chart: collect records for transactions per day stats
2026-06-16T20:33:16.650 application=explorer [info] tx/per day chart: earliest date 2026-06-11 00:00:00Z
2026-06-16T20:33:16.650 application=explorer [info] tx/per day chart: latest date 2026-06-11 23:59:59Z
2026-06-16T20:33:16.669 application=explorer [info] tx/per day chart: min/max block numbers [1, 0]
2026-06-16T20:33:16.673 application=explorer [info] tx/per day chart: num of transactions 0
2026-06-16T20:33:16.681 application=explorer [info] tx/per day chart: total gas used 
2026-06-16T20:33:16.689 application=explorer [info] tx/per day chart: total fee 
2026-06-16T20:33:16.689 application=explorer [info] tx/per day chart: collect records for transactions per day stats
2026-06-16T20:33:16.689 application=explorer [info] tx/per day chart: earliest date 2026-06-12 00:00:00Z
2026-06-16T20:33:16.689 application=explorer [info] tx/per day chart: latest date 2026-06-12 23:59:59Z
2026-06-16T20:33:16.707 application=explorer [info] tx/per day chart: min/max block numbers [1, 0]
2026-06-16T20:33:16.714 application=explorer [info] tx/per day chart: num of transactions 0
2026-06-16T20:33:16.751 application=explorer [info] tx/per day chart: total gas used 
2026-06-16T20:33:16.767 application=explorer [info] tx/per day chart: total fee 
2026-06-16T20:33:16.767 application=explorer [info] tx/per day chart: collect records for transactions per day stats
2026-06-16T20:33:16.767 application=explorer [info] tx/per day chart: earliest date 2026-06-13 00:00:00Z
2026-06-16T20:33:16.767 application=explorer [info] tx/per day chart: latest date 2026-06-13 23:59:59Z
2026-06-16T20:33:16.836 application=explorer [info] tx/per day chart: min/max block numbers [1, 3538]
2026-06-16T20:33:16.850 application=explorer [info] tx/per day chart: num of transactions 7
2026-06-16T20:33:16.859 application=explorer [info] tx/per day chart: total gas used 793022
2026-06-16T20:33:16.872 application=explorer [info] tx/per day chart: total fee 21000000000000
2026-06-16T20:33:16.872 application=explorer [info] tx/per day chart: collect records for transactions per day stats
2026-06-16T20:33:16.873 application=explorer [info] tx/per day chart: earliest date 2026-06-14 00:00:00Z
2026-06-16T20:33:16.873 application=explorer [info] tx/per day chart: latest date 2026-06-14 23:59:59Z
2026-06-16T20:33:16.962 application=explorer [info] tx/per day chart: min/max block numbers [3539, 32323]
2026-06-16T20:33:16.975 application=explorer [info] tx/per day chart: num of transactions 1
2026-06-16T20:33:17.009 application=explorer [info] tx/per day chart: total gas used 222161
2026-06-16T20:33:17.031 application=explorer [info] tx/per day chart: total fee 0
2026-06-16T20:33:17.031 application=explorer [info] tx/per day chart: collect records for transactions per day stats
2026-06-16T20:33:17.031 application=explorer [info] tx/per day chart: earliest date 2026-06-15 00:00:00Z
2026-06-16T20:33:17.031 application=explorer [info] tx/per day chart: latest date 2026-06-15 23:59:59Z
2026-06-16T20:33:17.096 application=explorer [info] tx/per day chart: min/max block numbers [32324, 60926]
2026-06-16T20:33:17.110 application=explorer [info] tx/per day chart: num of transactions 30
2026-06-16T20:33:17.120 application=explorer [info] tx/per day chart: total gas used 1550595
2026-06-16T20:33:17.134 application=explorer [info] tx/per day chart: total fee 0
2026-06-16T20:33:17.134 application=explorer [info] tx/per day chart: collect records for transactions per day stats
2026-06-16T20:33:17.134 application=explorer [info] tx/per day chart: records collected [%{date: ~D[2026-06-15], gas_used: Decimal.new("1550595"), number_of_transactions: 30, total_fee: Decimal.new("0")}, %{date: ~D[2026-06-14], gas_used: Decimal.new("222161"), number_of_transactions: 1, total_fee: Decimal.new("0")}, %{date: ~D[2026-06-13], gas_used: Decimal.new("793022"), number_of_transactions: 7, total_fee: Decimal.new("21000000000000")}, %{date: ~D[2026-06-12], gas_used: nil, number_of_transactions: 0, total_fee: nil}, %{date: ~D[2026-06-11], gas_used: nil, number_of_transactions: 0, total_fee: nil}, %{date: ~D[2026-06-10], gas_used: nil, number_of_transactions: 0, total_fee: nil}, %{date: ~D[2026-06-09], gas_used: nil, number_of_transactions: 0, total_fee: nil}, %{date: ~D[2026-06-08], gas_used: nil, number_of_transactions: 0, total_fee: nil}, %{date: ~D[2026-06-07], gas_used: nil, number_of_transactions: 0, total_fee: nil}]
2026-06-16T20:33:17.135 application=explorer [info] tx/per day chart: save records
2026-06-16T20:33:17.178 application=explorer [info] tx/per day chart: number of inserted 10
2026-06-16T20:33:30.957 application=explorer [info] Fetching chain spec path: nil.
2026-06-16T20:33:30.957 application=explorer [info] Fetching precompiled config path: nil.
2026-06-16T20:33:30.957 application=explorer [warning] Genesis data is not fetched. Neither chain spec path or precompiles config path are set.
2026-06-16T20:40:14.790 application=explorer fetcher=block_realtime block_number=4911 [warning] Set refetch_needed for partially imported block because of error: [4911]
2026-06-16T20:40:14.790 application=explorer fetcher=block_realtime block_number=5698 [warning] Set refetch_needed for partially imported block because of error: [5698]
2026-06-16T20:40:15.152 application=explorer fetcher=block_realtime block_number=3871 [warning] Set refetch_needed for partially imported block because of error: [3871]
2026-06-16T20:40:15.160 application=explorer fetcher=block_realtime block_number=4500 [warning] Set refetch_needed for partially imported block because of error: [4500]
2026-06-16T20:40:15.161 application=explorer fetcher=block_realtime block_number=4506 [warning] Set refetch_needed for partially imported block because of error: [4506]
2026-06-16T20:40:15.168 application=explorer fetcher=block_realtime block_number=4504 [warning] Set refetch_needed for partially imported block because of error: [4504]
2026-06-16T20:40:15.168 application=explorer fetcher=block_realtime block_number=4501 [warning] Set refetch_needed for partially imported block because of error: [4501]
2026-06-16T20:40:15.237 application=explorer fetcher=block_realtime block_number=3967 [warning] Set refetch_needed for partially imported block because of error: [3967]
2026-06-16T20:40:15.336 application=explorer fetcher=block_realtime block_number=4623 [warning] Set refetch_needed for partially imported block because of error: [4623]
2026-06-16T20:40:15.341 application=explorer fetcher=block_realtime block_number=3943 [warning] Set refetch_needed for partially imported block because of error: [3943]
2026-06-16T20:40:15.412 application=explorer fetcher=block_realtime block_number=4326 [warning] Set refetch_needed for partially imported block because of error: [4326]
2026-06-16T20:40:15.418 application=explorer fetcher=block_realtime block_number=4327 [warning] Set refetch_needed for partially imported block because of error: [4327]
2026-06-16T20:40:15.418 application=explorer fetcher=block_realtime block_number=4312 [warning] Set refetch_needed for partially imported block because of error: [4312]
2026-06-16T20:40:15.422 application=explorer fetcher=block_realtime block_number=4328 [warning] Set refetch_needed for partially imported block because of error: [4328]
2026-06-16T20:40:15.424 application=explorer fetcher=block_realtime block_number=4599 [warning] Set refetch_needed for partially imported block because of error: [4599]
2026-06-16T20:40:15.425 application=explorer fetcher=block_realtime block_number=4620 [warning] Set refetch_needed for partially imported block because of error: [4620]
2026-06-16T20:40:15.538 application=explorer fetcher=block_realtime block_number=4631 [warning] Set refetch_needed for partially imported block because of error: [4631]
2026-06-16T20:40:15.538 application=explorer fetcher=block_realtime block_number=4622 [warning] Set refetch_needed for partially imported block because of error: [4622]
2026-06-16T20:40:15.538 application=explorer fetcher=block_realtime block_number=4621 [warning] Set refetch_needed for partially imported block because of error: [4621]
2026-06-16T20:40:15.538 application=explorer fetcher=block_realtime block_number=3822 [warning] Set refetch_needed for partially imported block because of error: [3822]
2026-06-16T20:40:15.538 application=explorer fetcher=block_realtime block_number=4571 [warning] Set refetch_needed for partially imported block because of error: [4571]
2026-06-16T20:40:15.540 application=explorer fetcher=block_realtime block_number=4329 [warning] Set refetch_needed for partially imported block because of error: [4329]
2026-06-16T20:40:15.546 application=explorer fetcher=block_realtime block_number=4609 [warning] Set refetch_needed for partially imported block because of error: [4609]
2026-06-16T20:40:15.557 application=explorer fetcher=block_realtime block_number=4606 [warning] Set refetch_needed for partially imported block because of error: [4606]
2026-06-16T20:40:15.557 application=explorer fetcher=block_realtime block_number=4597 [warning] Set refetch_needed for partially imported block because of error: [4597]
2026-06-16T20:40:15.557 application=explorer fetcher=block_realtime block_number=4610 [warning] Set refetch_needed for partially imported block because of error: [4610]
2026-06-16T20:40:15.568 application=explorer fetcher=block_realtime block_number=4603 [warning] Set refetch_needed for partially imported block because of error: [4603]
2026-06-16T20:40:15.569 application=explorer fetcher=block_realtime block_number=4608 [warning] Set refetch_needed for partially imported block because of error: [4608]
2026-06-16T20:40:15.670 application=explorer fetcher=block_realtime block_number=4627 [warning] Set refetch_needed for partially imported block because of error: [4627]
2026-06-16T20:40:15.670 application=explorer fetcher=block_realtime block_number=4595 [warning] Set refetch_needed for partially imported block because of error: [4595]
2026-06-16T20:40:15.670 application=explorer fetcher=block_realtime block_number=5290 [warning] Set refetch_needed for partially imported block because of error: [5290]
2026-06-16T20:40:15.670 application=explorer fetcher=block_realtime block_number=4607 [warning] Set refetch_needed for partially imported block because of error: [4607]
2026-06-16T20:40:15.670 application=explorer fetcher=block_realtime block_number=4602 [warning] Set refetch_needed for partially imported block because of error: [4602]
2026-06-16T20:40:15.671 application=explorer fetcher=block_realtime block_number=4628 [warning] Set refetch_needed for partially imported block because of error: [4628]
2026-06-16T20:40:15.671 application=explorer fetcher=block_realtime block_number=3843 [warning] Set refetch_needed for partially imported block because of error: [3843]
2026-06-16T20:40:15.671 application=explorer fetcher=block_realtime block_number=4601 [warning] Set refetch_needed for partially imported block because of error: [4601]
2026-06-16T20:40:15.672 application=explorer fetcher=block_realtime block_number=4057 [warning] Set refetch_needed for partially imported block because of error: [4057]
2026-06-16T20:40:15.672 application=explorer fetcher=block_realtime block_number=4699 [warning] Set refetch_needed for partially imported block because of error: [4699]
2026-06-16T20:40:15.672 application=explorer fetcher=block_realtime block_number=4708 [warning] Set refetch_needed for partially imported block because of error: [4708]
2026-06-16T20:40:15.673 application=explorer fetcher=block_realtime block_number=4612 [warning] Set refetch_needed for partially imported block because of error: [4612]
2026-06-16T20:40:15.673 application=explorer fetcher=block_realtime block_number=4600 [warning] Set refetch_needed for partially imported block because of error: [4600]
2026-06-16T20:40:15.673 application=explorer fetcher=block_realtime block_number=4572 [warning] Set refetch_needed for partially imported block because of error: [4572]
2026-06-16T20:40:15.673 application=explorer fetcher=block_realtime block_number=4062 [warning] Set refetch_needed for partially imported block because of error: [4062]
2026-06-16T20:40:15.674 application=explorer fetcher=block_realtime block_number=4604 [warning] Set refetch_needed for partially imported block because of error: [4604]
2026-06-16T20:40:15.675 application=explorer fetcher=block_realtime block_number=3851 [warning] Set refetch_needed for partially imported block because of error: [3851]
2026-06-16T20:40:15.693 application=explorer fetcher=block_realtime block_number=3848 [warning] Set refetch_needed for partially imported block because of error: [3848]
2026-06-16T20:40:15.694 application=explorer fetcher=block_realtime block_number=4591 [warning] Set refetch_needed for partially imported block because of error: [4591]
2026-06-16T20:40:15.694 application=explorer fetcher=block_realtime block_number=4760 [warning] Set refetch_needed for partially imported block because of error: [4760]
2026-06-16T20:40:15.694 application=explorer fetcher=block_realtime block_number=4774 [warning] Set refetch_needed for partially imported block because of error: [4774]
2026-06-16T20:40:15.694 application=explorer fetcher=block_realtime block_number=4323 [warning] Set refetch_needed for partially imported block because of error: [4323]
2026-06-16T20:40:15.695 application=explorer fetcher=block_realtime block_number=4588 [warning] Set refetch_needed for partially imported block because of error: [4588]
2026-06-16T20:40:15.696 application=explorer fetcher=block_realtime block_number=4586 [warning] Set refetch_needed for partially imported block because of error: [4586]
2026-06-16T20:40:15.696 application=explorer fetcher=block_realtime block_number=4004 [warning] Set refetch_needed for partially imported block because of error: [4004]
2026-06-16T20:40:15.699 application=explorer fetcher=block_realtime block_number=4322 [warning] Set refetch_needed for partially imported block because of error: [4322]
2026-06-16T20:40:15.750 application=explorer fetcher=block_realtime block_number=4315 [warning] Set refetch_needed for partially imported block because of error: [4315]
2026-06-16T20:40:15.751 application=explorer fetcher=block_realtime block_number=3993 [warning] Set refetch_needed for partially imported block because of error: [3993]
2026-06-16T20:40:15.753 application=explorer fetcher=block_realtime block_number=3988 [warning] Set refetch_needed for partially imported block because of error: [3988]
2026-06-16T20:40:15.780 application=explorer fetcher=block_realtime block_number=4749 [warning] Set refetch_needed for partially imported block because of error: [4749]
2026-06-16T20:40:15.780 application=explorer fetcher=block_realtime block_number=4316 [warning] Set refetch_needed for partially imported block because of error: [4316]
2026-06-16T20:40:15.780 application=explorer fetcher=block_realtime block_number=4580 [warning] Set refetch_needed for partially imported block because of error: [4580]
2026-06-16T20:40:15.780 application=explorer fetcher=block_realtime block_number=4598 [warning] Set refetch_needed for partially imported block because of error: [4598]
2026-06-16T20:40:15.782 application=explorer fetcher=block_realtime block_number=4707 [warning] Set refetch_needed for partially imported block because of error: [4707]
2026-06-16T20:40:15.790 application=explorer fetcher=block_realtime block_number=4324 [warning] Set refetch_needed for partially imported block because of error: [4324]
2026-06-16T20:40:15.799 application=explorer fetcher=block_realtime block_number=4754 [warning] Set refetch_needed for partially imported block because of error: [4754]
2026-06-16T20:40:15.800 application=explorer fetcher=block_realtime block_number=4729 [warning] Set refetch_needed for partially imported block because of error: [4729]
2026-06-16T20:40:15.802 application=explorer fetcher=block_realtime block_number=4731 [warning] Set refetch_needed for partially imported block because of error: [4731]
2026-06-16T20:40:15.825 application=explorer fetcher=block_realtime block_number=4726 [warning] Set refetch_needed for partially imported block because of error: [4726]
2026-06-16T20:40:16.064 application=explorer fetcher=block_realtime block_number=4785 [warning] Set refetch_needed for partially imported block because of error: [4785]
2026-06-16T20:40:16.149 application=explorer fetcher=block_realtime block_number=4717 [warning] Set refetch_needed for partially imported block because of error: [4717]
2026-06-16T20:43:15.550 application=explorer fetcher=block_realtime block_number=83883 [warning] Set refetch_needed for partially imported block because of error: [83883]
2026-06-16T20:43:16.510 application=explorer fetcher=block_realtime block_number=82931 [warning] Set refetch_needed for partially imported block because of error: [82931]
2026-06-16T20:43:16.514 application=explorer fetcher=block_realtime block_number=82928 [warning] Set refetch_needed for partially imported block because of error: [82928]
2026-06-16T20:43:16.582 application=explorer fetcher=block_realtime block_number=82940 [warning] Set refetch_needed for partially imported block because of error: [82940]
2026-06-16T20:43:16.590 application=explorer fetcher=block_realtime block_number=82991 [warning] Set refetch_needed for partially imported block because of error: [82991]
2026-06-16T20:43:16.593 application=explorer fetcher=block_realtime block_number=59346 [warning] Set refetch_needed for partially imported block because of error: [59346]
2026-06-16T20:43:16.593 application=explorer fetcher=block_realtime block_number=68966 [warning] Set refetch_needed for partially imported block because of error: [68966]
2026-06-16T20:43:16.598 application=explorer fetcher=block_realtime block_number=83135 [warning] Set refetch_needed for partially imported block because of error: [83135]
2026-06-16T20:43:16.601 application=explorer fetcher=block_realtime block_number=31467 [warning] Set refetch_needed for partially imported block because of error: [31467]
2026-06-16T20:43:16.675 application=explorer fetcher=block_realtime block_number=75865 [warning] Set refetch_needed for partially imported block because of error: [75865]
2026-06-17T00:00:00.001 application=explorer [info] tx/per day chart: collect records for transactions per day stats
2026-06-17T00:00:00.001 application=explorer [info] tx/per day chart: earliest date 2026-06-16 00:00:00Z
2026-06-17T00:00:00.001 application=explorer [info] tx/per day chart: latest date 2026-06-16 23:59:59Z
2026-06-17T00:00:00.020 application=explorer [info] tx/per day chart: min/max block numbers [60927, 87829]
2026-06-17T00:00:00.031 application=explorer [info] tx/per day chart: num of transactions 90
2026-06-17T00:00:00.049 application=explorer [info] tx/per day chart: total gas used 3455132
2026-06-17T00:00:00.059 application=explorer [info] tx/per day chart: total fee 0
2026-06-17T00:00:00.059 application=explorer [info] tx/per day chart: collect records for transactions per day stats
2026-06-17T00:00:00.060 application=explorer [info] tx/per day chart: records collected [%{date: ~D[2026-06-16], gas_used: Decimal.new("3455132"), number_of_transactions: 90, total_fee: Decimal.new("0")}]
2026-06-17T00:00:00.061 application=explorer [info] tx/per day chart: save records
2026-06-17T00:00:00.124 application=explorer [info] tx/per day chart: number of inserted 2
2026-06-18T00:00:00.007 application=explorer [info] tx/per day chart: collect records for transactions per day stats
2026-06-18T00:00:00.007 application=explorer [info] tx/per day chart: earliest date 2026-06-17 00:00:00Z
2026-06-18T00:00:00.007 application=explorer [info] tx/per day chart: latest date 2026-06-17 23:59:59Z
2026-06-18T00:00:00.025 application=explorer [info] tx/per day chart: min/max block numbers [87830, 116627]
2026-06-18T00:00:00.037 application=explorer [info] tx/per day chart: num of transactions 1
2026-06-18T00:00:00.050 application=explorer [info] tx/per day chart: total gas used 222161
2026-06-18T00:00:00.065 application=explorer [info] tx/per day chart: total fee 0
2026-06-18T00:00:00.065 application=explorer [info] tx/per day chart: collect records for transactions per day stats
2026-06-18T00:00:00.065 application=explorer [info] tx/per day chart: records collected [%{date: ~D[2026-06-17], gas_used: Decimal.new("222161"), number_of_transactions: 1, total_fee: Decimal.new("0")}]
2026-06-18T00:00:00.066 application=explorer [info] tx/per day chart: save records
2026-06-18T00:00:00.077 application=explorer [info] tx/per day chart: number of inserted 2
2026-06-19T00:00:00.002 application=explorer [info] tx/per day chart: collect records for transactions per day stats
2026-06-19T00:00:00.002 application=explorer [info] tx/per day chart: earliest date 2026-06-18 00:00:00Z
2026-06-19T00:00:00.002 application=explorer [info] tx/per day chart: latest date 2026-06-18 23:59:59Z
2026-06-19T00:00:00.016 application=explorer [info] tx/per day chart: min/max block numbers [116628, 145427]
2026-06-19T00:00:00.021 application=explorer [info] tx/per day chart: num of transactions 1
2026-06-19T00:00:00.025 application=explorer [info] tx/per day chart: total gas used 222161
2026-06-19T00:00:00.028 application=explorer [info] tx/per day chart: total fee 0
2026-06-19T00:00:00.028 application=explorer [info] tx/per day chart: collect records for transactions per day stats
2026-06-19T00:00:00.028 application=explorer [info] tx/per day chart: records collected [%{date: ~D[2026-06-18], gas_used: Decimal.new("222161"), number_of_transactions: 1, total_fee: Decimal.new("0")}]
2026-06-19T00:00:00.028 application=explorer [info] tx/per day chart: save records
2026-06-19T00:00:00.039 application=explorer [info] tx/per day chart: number of inserted 2
